// Jest Snapshot v1, https://goo.gl/fbAQLP

exports[`<BackButton /> renders correctly 1`] = `
<TouchableOpacity
  activeOpacity={0.2}
  onPress={[MockFunction]}
  style={
    Object {
      "padding": 5,
      "paddingBottom": 15,
    }
  }
>
  <Text
    accessible={true}
    allowFontScaling={true}
    ellipsizeMode="tail"
  >
    onpress
  </Text>
</TouchableOpacity>
`;
